// Jest Snapshot v1, https://goo.gl/fbAQLP

exports[`<Footer /> should render Container 1`] = `
.c0 {
  text-align: center;
  background-color: #333;
  width: 100%;
  display: -webkit-box;
  display: -webkit-flex;
  display: -ms-flexbox;
  display: flex;
  -webkit-box-pack: center;
  -webkit-justify-content: center;
  -ms-flex-pack: center;
  justify-content: center;
  -webkit-align-items: center;
  -webkit-box-align: center;
  -ms-flex-align: center;
  align-items: center;
  height: 4.6rem;
}

@media (min-width:1024px) {
  .c0 {
    height: 7.6rem;
  }
}

<div
  class="c0"
>
  <div
    data-testid="Mock Container"
  >
    <div
      data-testid="Mock Text"
    />
  </div>
</div>
`;
