// Jest Snapshot v1, https://goo.gl/fbAQLP

exports[`<Header /> should render 1`] = `
.c0 {
  width: 100%;
  display: -webkit-box;
  display: -webkit-flex;
  display: -ms-flexbox;
  display: flex;
  -webkit-box-pack: center;
  -webkit-justify-content: center;
  -ms-flex-pack: center;
  justify-content: center;
  -webkit-align-items: center;
  -webkit-box-align: center;
  -ms-flex-align: center;
  align-items: center;
  background-image: linear-gradient(to bottom,#1A4173,#0C1D33);
  position: relative;
  z-index: 1;
  display: -webkit-box;
  display: -webkit-flex;
  display: -ms-flexbox;
  display: flex;
  -webkit-box-pack: center;
  -webkit-justify-content: center;
  -ms-flex-pack: center;
  justify-content: center;
  -webkit-align-items: center;
  -webkit-box-align: center;
  -ms-flex-align: center;
  align-items: center;
  height: 4.8rem;
}

.c0:before {
  content: '';
  background-image: linear-gradient(to right,transparent,#fff,transparent);
  height: 2px;
  width: 100%;
  position: absolute;
  top: 50%;
  left: 50%;
  -webkit-transform: translate(-50%,-50%);
  -ms-transform: translate(-50%,-50%);
  transform: translate(-50%,-50%);
  opacity: .5;
  z-index: 0;
  -webkit-animation: show 1s linear;
  animation: show 1s linear;
}

@media (min-width:1024px) {
  .c0 {
    height: 14rem;
  }
}

@media (min-width:1024px) {
  .c0:before {
    height: 3px;
  }
}

<div
  class="c0"
>
  <div
    data-testid="Mock Logo"
  />
</div>
`;
