// Jest Snapshot v1, https://goo.gl/fbAQLP

exports[`<Icon /> should render 1`] = `
.c0 {
  width: auto;
  display: inline-block;
}

.c1 {
  display: inline-block;
  vertical-align: middle;
  overflow: hidden;
}

<div
  class="c0"
>
  <svg
    aria-hidden="true"
    class="c1"
    fill="currentColor"
    focusable="false"
    viewBox="0 0 24 24"
    width="4rem"
    xmlns="http://www.w3.org/2000/svg"
  >
    <path
      d="M5.536 21.886a1.004 1.004 0 0 0 1.033-.064l13-9a1 1 0 0 0 0-1.644l-13-9A.998.998 0 0 0 5 3v18a1 1 0 0 0 .536.886zM7 4.909 17.243 12 7 19.091V4.909z"
    />
  </svg>
</div>
`;
